C51 COMPILER V9.54   SMG                                                                   03/10/2023 15:58:03 PAGE 1   


C51 COMPILER V9.54, COMPILATION OF MODULE SMG
OBJECT MODULE PLACED IN .\Objects\SMG.obj
COMPILER INVOKED BY: E:\Software_installation\Keil_C51\C51\BIN\C51.EXE SMG.c OPTIMIZE(8,SPEED) BROWSE DEBUG OBJECTEXTEND
                    - PRINT(.\Listings\SMG.lst) TABS(2) OBJECT(.\Objects\SMG.obj)

line level    source

   1          #include <STC89C5xRC.H>
   2          #include "SMG.h"
   3          unsigned char SMG[]={                       //
   4          //   0    1    2    3    4    5    6    7    8    9    A    B    C    D    E    F
   5              0x3F,0x06,0x5B,0x4F,0x66,0x6D,0x7D,0x07,0x7F,0x6F,0x77,0x7C,0x39,0x5E,0x79,0x71,
   6          //black  -     H    J    K    L    N    o   P    U     t    G    Q    r   M    y
   7              0x00,0x40,0x76,0x1E,0x70,0x38,0x37,0x5C,0x73,0x3E,0x78,0x3d,0x67,0x50,0x37,0x6e,
   8              0xBF,0x86,0xDB,0xCF,0xE6,0xED,0xFD,0x87,0xFF,0xEF,0x46};    //0. 1. 2. 3. 4. 5. 6. 7. 8. 9. -1
   9          unsigned char T_COM[4]={0x01,0x02,0x04,0x08};
  10          unsigned char mo1[4]={16,0,0,0};
  11          unsigned char mo2[4]={16,0,0,0};
  12          unsigned char mo3[4]={16,0,0,0};
  13          unsigned char *SMG_cun=mo2;
  14          unsigned char p=0;
  15          void SMG_dis()
  16          {
  17   1        P2=0x00;
  18   1        P2|=0x80;  
  19   1        P2&=0x7f;
  20   1        
  21   1        P0=~SMG[SMG_cun[p]];
  22   1        P2|=0x40;
  23   1        P2&=0xbf;
  24   1        
  25   1        P2=T_COM[p];
  26   1        P2|=0x80;
  27   1        P2&=0x7f;
  28   1        p++;
  29   1        if(p>=4)
  30   1        {
  31   2          p=0;
  32   2        }
  33   1      }


MODULE INFORMATION:   STATIC OVERLAYABLE
   CODE SIZE        =     63    ----
   CONSTANT SIZE    =   ----    ----
   XDATA SIZE       =   ----    ----
   PDATA SIZE       =   ----    ----
   DATA SIZE        =     63    ----
   IDATA SIZE       =   ----    ----
   BIT SIZE         =   ----    ----
END OF MODULE INFORMATION.


C51 COMPILATION COMPLETE.  0 WARNING(S),  0 ERROR(S)
