C51 COMPILER V9.54   MAIN                                                                  07/29/2023 00:11:22 PAGE 1   


C51 COMPILER V9.54, COMPILATION OF MODULE MAIN
OBJECT MODULE PLACED IN .\Objects\main.obj
COMPILER INVOKED BY: E:\Software_installation\Keil_C51\C51\BIN\C51.EXE main.c OPTIMIZE(8,SPEED) BROWSE DEBUG OBJECTEXTEN
                    -D PRINT(.\Listings\main.lst) TABS(2) OBJECT(.\Objects\main.obj)

line level    source

   1          #include <STC89C5xRC.H>
   2          #include <SMG.h>
   3          #include <intrins.h>
   4          sbit DO=P1^5;
   5          sbit CS=P1^4;
   6          sbit SCLK=P1^3;
   7          void Timer0Init(void)   //10ms
   8          {
   9   1        AUXR |= 0x80;   
  10   1        TMOD &= 0xF0;   
  11   1        TL0 = 0x20;   
  12   1        TH0 = 0xD1;   
  13   1        TF0 = 0;    
  14   1        TR0 = 1;    
  15   1        ET0=1;
  16   1        EA=1;
  17   1      }
  18          void delay(unsigned int t)
  19          {
  20   1        while(t--);
  21   1      } 
  22          void timer0() interrupt 1
  23          {
  24   1        SMG_dis();
  25   1      }
  26          unsigned int counting(unsigned char a)
  27          {
  28   1        float j;
  29   1        j=a*1.9607843137254;
  30   1        return (unsigned int)j;
  31   1      }
  32          unsigned int TLC549_AD() //TLC549处理
  33          {
  34   1        unsigned char i;
  35   1        unsigned int data_ad=0;
  36   1        CS=1; //初始化，启动
  37   1        SCLK=0;
  38   1        DO=1;
  39   1        CS=0;
  40   1        _nop_();
  41   1        for(i=0;i<8;i++) //读取采集数据，读取的是上一次采集数据
  42   1        {
  43   2          SCLK=1;
  44   2          if(DO)data_ad|=0x01;
  45   2          SCLK=0;
  46   2          data_ad<<=1;
  47   2        }
  48   1        CS=1;
  49   1      //  data_ad=data_ad*(500/256)+0.5; //0.5V进行四舍五入补偿
  50   1        return data_ad;
  51   1      }
  52          unsigned char ad549_read()
  53          {
  54   1        unsigned int i;
C51 COMPILER V9.54   MAIN                                                                  07/29/2023 00:11:22 PAGE 2   

  55   1        unsigned char k=0;
  56   1        DO=1;
  57   1        for(i=0;i<8;i++)
  58   1        {
  59   2          k=k<<1;
  60   2          if(DO) 
  61   2            k++;
  62   2          SCLK=1;
  63   2          SCLK=0;
  64   2          delay(10);
  65   2            
  66   2        }
  67   1        return k;
  68   1      }
  69          unsigned char ad549_export()
  70          {
  71   1        unsigned char date;
  72   1        CS=0;
  73   1        date=ad549_read();
  74   1        CS=1;
  75   1        delay(20);
  76   1        return date;
  77   1      }
  78          void main()
  79          {
  80   1        unsigned char i;
  81   1        unsigned int count;
  82   1        Timer0Init();
  83   1        while(1)
  84   1        {
  85   2          count=counting(ad549_export());
  86   2          mo2[3]=count%10;
  87   2          mo2[2]=count/10%10;
  88   2          mo2[1]=count/100+32;
  89   2        }
  90   1      }
*** WARNING C280 IN LINE 80 OF main.c: 'i': unreferenced local variable


MODULE INFORMATION:   STATIC OVERLAYABLE
   CODE SIZE        =    267    ----
   CONSTANT SIZE    =   ----    ----
   XDATA SIZE       =   ----    ----
   PDATA SIZE       =   ----    ----
   DATA SIZE        =   ----       1
   IDATA SIZE       =   ----    ----
   BIT SIZE         =   ----    ----
END OF MODULE INFORMATION.


C51 COMPILATION COMPLETE.  1 WARNING(S),  0 ERROR(S)
