C51 COMPILER V9.54   MAIN                                                                  02/19/2023 19:29:31 PAGE 1   


C51 COMPILER V9.54, COMPILATION OF MODULE MAIN
OBJECT MODULE PLACED IN .\Objects\main.obj
COMPILER INVOKED BY: E:\Software_installation\Keil_C51\C51\BIN\C51.EXE main.c OPTIMIZE(8,SPEED) BROWSE DEBUG OBJECTEXTEN
                    -D PRINT(.\Listings\main.lst) TABS(2) OBJECT(.\Objects\main.obj)

line level    source

   1          #include <STC89C5xRC.H>
   2          #include "SMG.h"
   3          #include "button.h"
   4          unsigned int t10ms=0;
   5          unsigned char i=0;
   6          unsigned char statue=0;
   7          bit control=0;
   8          void Timer0Init(void)   //10毫秒@12.000MHz
   9          {
  10   1        AUXR |= 0x80;   //定时器时钟1T模式
  11   1        TMOD &= 0xF0;   //设置定时器模式
  12   1        TL0 = 0x20;   //设置定时初值
  13   1        TH0 = 0xD1;   //设置定时初值
  14   1        TF0 = 0;    //清除TF0标志
  15   1        TR0 = 1;    //定时器0开始计时
  16   1        ET0=1;
  17   1        EA=1;
  18   1      }
  19          void timer0() interrupt 1
  20          {
  21   1        SMG_dis();
  22   1        button_pad();
  23   1        t10ms++;
  24   1      }
  25          unsigned char status=0;
  26          void main()
  27          {
  28   1        Timer0Init();
  29   1        while(1)
  30   1        {
  31   2          if(control==1)
  32   2          {
  33   3            if(t10ms>100)
  34   3            {
  35   4              t10ms=0;
  36   4              mo2[3]++;
  37   4            }
  38   3          }
  39   2          if(key_v==7&&key_s==2)//0
  40   2          {
  41   3            if(statue==0)
  42   3            {
  43   4              statue=1;
  44   4              mo2[i]=0;
  45   4              i++;
  46   4            }
  47   3          }
  48   2          if(key_v==11&&key_s==2)//1
  49   2          {
  50   3            if(statue==0)
  51   3            {
  52   4              statue=1;
  53   4              mo2[i]=1;
  54   4              i++;
C51 COMPILER V9.54   MAIN                                                                  02/19/2023 19:29:31 PAGE 2   

  55   4            }
  56   3          }
  57   2          if(key_v==15&&key_s==2)//2
  58   2          {
  59   3            if(statue==0)
  60   3            {
  61   4              statue=1;
  62   4              mo2[i]=2;
  63   4              i++;
  64   4            }
  65   3          }
  66   2          if(key_v==19&&key_s==2)//3
  67   2          {
  68   3            if(statue==0)
  69   3            {
  70   4              statue=1;
  71   4              mo2[i]=3;
  72   4              i++;
  73   4            }
  74   3          }
  75   2          if(key_v==6&&key_s==2)//4
  76   2          {
  77   3            if(statue==0)
  78   3            {
  79   4              statue=1;
  80   4              mo2[i]=4;
  81   4              i++;
  82   4            }
  83   3          }
  84   2          if(key_v==10&&key_s==2)//5
  85   2          {
  86   3            if(statue==0)
  87   3            {
  88   4              statue=1;
  89   4              mo2[i]=5;
  90   4              i++;
  91   4            }
  92   3          }
  93   2          if(key_v==14&&key_s==2)//6
  94   2          {
  95   3            if(statue==0)
  96   3            {
  97   4              statue=1;
  98   4              mo2[i]=6;
  99   4              i++;
 100   4            }
 101   3          }
 102   2          if(key_v==18&&key_s==2)//7
 103   2          {
 104   3            if(statue==0)
 105   3            {
 106   4              statue=1;
 107   4              mo2[i]=7;
 108   4              i++;
 109   4            }
 110   3          }
 111   2          if(key_v==5&&key_s==2)//8
 112   2          {
 113   3            if(statue==0)
 114   3            {
 115   4              statue=1;
 116   4              mo2[i]=8;
C51 COMPILER V9.54   MAIN                                                                  02/19/2023 19:29:31 PAGE 3   

 117   4              i++;
 118   4            }
 119   3          }
 120   2          if(key_v==9&&key_s==2)//9
 121   2          {
 122   3            if(statue==0)
 123   3            {
 124   4              statue=1;
 125   4              mo2[i]=9;
 126   4              i++;
 127   4            }
 128   3          }
 129   2          if(key_v==13&&key_s==2)//input
 130   2          {
 131   3            SMG_cun=mo2;
 132   3          }
 133   2          if(key_v==17&&key_s==2)//start
 134   2          {
 135   3            control=1;
 136   3          }
 137   2          if(key_v==4&&key_s==2)//stop
 138   2          {
 139   3            control=0;
 140   3          }
 141   2          if(P1==0x0f)
 142   2          {
 143   3            statue=0;
 144   3          }
 145   2        }
 146   1      }


MODULE INFORMATION:   STATIC OVERLAYABLE
   CODE SIZE        =    432    ----
   CONSTANT SIZE    =   ----    ----
   XDATA SIZE       =   ----    ----
   PDATA SIZE       =   ----    ----
   DATA SIZE        =      5    ----
   IDATA SIZE       =   ----    ----
   BIT SIZE         =      1    ----
END OF MODULE INFORMATION.


C51 COMPILATION COMPLETE.  0 WARNING(S),  0 ERROR(S)
